// Jest Snapshot v1, https://goo.gl/fbAQLP

exports[`AuthorizationScreen should render correctly 1`] = `ShallowWrapper {}`;
