// Jest Snapshot v1, https://goo.gl/fbAQLP

exports[`ArtistQuestionScreen should render correctly 1`] = `ShallowWrapper {}`;
