// Jest Snapshot v1, https://goo.gl/fbAQLP

exports[`FailScreen should render correctly 1`] = `ShallowWrapper {}`;
