// Jest Snapshot v1, https://goo.gl/fbAQLP

exports[`WelcomeScreen should render correctly with 2 errors 1`] = `ShallowWrapper {}`;

exports[`WelcomeScreen should render correctly with 3 errors 1`] = `ShallowWrapper {}`;
