// Jest Snapshot v1, https://goo.gl/fbAQLP

exports[`ResultScreen should render correctly 1`] = `ShallowWrapper {}`;
