// Jest Snapshot v1, https://goo.gl/fbAQLP

exports[`GenreQuestionScreen should render correctly 1`] = `ShallowWrapper {}`;
